../LWIP/Target/ethernetif.c:783:9:ETH_PHY_IO_DeInit	0	static
../LWIP/Target/ethernetif.c:416:14:low_level_output	72	static
../LWIP/Target/ethernetif.c:826:9:ETH_PHY_IO_GetTick	0	static
../LWIP/Target/ethernetif.c:766:9:ETH_PHY_IO_Init	8	static
../LWIP/Target/ethernetif.c:795:9:ETH_PHY_IO_ReadReg	8	static
../LWIP/Target/ethernetif.c:812:9:ETH_PHY_IO_WriteReg	8	static
../LWIP/Target/ethernetif.c:617:6:pbuf_free_custom	8	static
../LWIP/Target/ethernetif.c:509:6:ethernetif_input	40	static
../LWIP/Target/ethernetif.c:203:6:HAL_ETH_RxCpltCallback	0	static
../LWIP/Target/ethernetif.c:212:6:HAL_ETH_TxCpltCallback	0	static
../LWIP/Target/ethernetif.c:221:6:HAL_ETH_ErrorCallback	8	static
../LWIP/Target/ethernetif.c:566:7:ethernetif_init	176	static
../LWIP/Target/ethernetif.c:640:7:sys_now	0	static
../LWIP/Target/ethernetif.c:653:6:HAL_ETH_MspInit	80	static
../LWIP/Target/ethernetif.c:718:6:HAL_ETH_MspDeInit	8	static
../LWIP/Target/ethernetif.c:918:6:HAL_ETH_RxAllocateCallback	24	static
../LWIP/Target/ethernetif.c:941:6:HAL_ETH_RxLinkCallback	8	static,ignoring_inline_asm
../LWIP/Target/ethernetif.c:981:6:HAL_ETH_TxFreeCallback	0	static
../LWIP/Target/ethernetif.c:996:6:sys_lock_tcpip_core	8	static
../LWIP/Target/ethernetif.c:835:6:ethernet_link_thread	144	static
../LWIP/Target/ethernetif.c:1001:6:sys_unlock_tcpip_core	0	static
../LWIP/Target/ethernetif.c:1006:6:sys_check_core_locking	8	static
../LWIP/Target/ethernetif.c:1027:6:sys_mark_tcpip_thread	8	static
